// Jest Snapshot v1, https://goo.gl/fbAQLP

exports[`Profile Test Suite should render the expected HTML 1`] = `"<div class=\\"profileHeader\\"><img class=\\"profileImg\\" alt=\\"profile\\"></div><div class=\\"profileContent\\"><div class=\\"MuiGrid-container-1\\"><div class=\\"MuiGrid-item-2 MuiGrid-grid-xs-4-33\\"><label class=\\"label\\">Name</label><label class=\\"label\\">User Id</label><label class=\\"label\\">Balance Points</label></div><div class=\\"MuiGrid-item-2 MuiGrid-grid-xs-8-37\\"><div class=\\"MuiPaper-root-98 MuiPaper-elevation2-102 MuiPaper-rounded-99 profileValues\\">SAS TV</div><div class=\\"MuiPaper-root-98 MuiPaper-elevation2-102 MuiPaper-rounded-99 profileValues\\">knowledge.com2k16@gmail.com</div><div class=\\"MuiPaper-root-98 MuiPaper-elevation2-102 MuiPaper-rounded-99 profileValues\\">100000 Points</div></div></div></div>"`;
